4
200
          eigenvalue % of variance % of variance (cumulative)
component                                                    
0              0.049         4.92%                      4.92%
1              0.037         3.69%                      8.61%
2              0.033         3.31%                     11.91%
3              0.026         2.56%                     14.47%
4              0.023         2.30%                     16.77%
                  0         1         2         3         4
A0__0.0   -0.734032 -0.087739  0.034460 -0.450994 -0.423432
A0__1.0    0.060093  0.037046 -0.042017  0.013502  0.070871
A1__0.0    0.307722 -0.667390  0.541626 -0.691629  0.036962
A1__1.0   -0.018939  0.015908 -0.007620  0.011728 -0.001220
A2__0.0   -0.316604  0.152302 -0.142491 -0.432589  0.142447
...             ...       ...       ...       ...       ...
A234__1.0 -0.004574 -0.006316  0.004595  0.011361  0.000324
A235__0.0  0.037454  1.072710 -0.601980 -0.190111 -0.178762
A235__1.0 -0.012368 -0.015518  0.013868 -0.000465  0.003564
A236__0.0  0.413958  0.106003 -0.571665 -0.105333 -0.647216
A236__1.0 -0.019438 -0.001267  0.018524  0.004550  0.011514

[458 rows x 5 columns]
