4
400
          eigenvalue % of variance % of variance (cumulative)
component                                                    
0              0.047         4.40%                      4.40%
1              0.036         3.32%                      7.72%
2              0.031         2.91%                     10.63%
3              0.030         2.82%                     13.45%
4              0.023         2.20%                     15.65%
                  0         1         2         3         4
A0__0.0   -0.487237  0.287956 -0.077194 -0.397452  0.600732
A0__1.0    0.044016 -0.057674  0.028748 -0.031010  0.032086
A1__0.0    0.072871  0.154583 -0.602130 -0.091836 -0.471822
A1__1.0   -0.004449  0.010424  0.002226 -0.003546  0.007395
A2__0.0   -0.619061 -0.080035 -0.152500 -0.280016 -0.278903
...             ...       ...       ...       ...       ...
A234__1.0 -0.005768  0.000524 -0.009780  0.002766  0.005578
A235__0.0  0.741261 -0.202505  0.708521 -0.159004  0.002546
A235__1.0 -0.016256  0.008184 -0.011877  0.001398 -0.004491
A236__0.0  0.851356  0.341941  0.187466 -0.569482 -0.508227
A236__1.0 -0.024119 -0.001975 -0.006017  0.012187  0.008224

[470 rows x 5 columns]
