6
501
          eigenvalue % of variance % of variance (cumulative)
component                                                    
0              0.045         4.44%                      4.44%
1              0.028         2.75%                      7.19%
2              0.021         2.12%                      9.31%
3              0.018         1.82%                     11.13%
4              0.017         1.65%                     12.78%
                0         1         2         3         4
A0__0.0  0.380814  0.078677 -0.043239  0.203314  0.149991
A0__1.0 -0.229055 -0.004458  0.142542 -0.147882  0.157304
A1__0.0  0.246568  0.009754 -0.036358  0.061675  0.349383
A1__1.0 -0.319579  0.041057  0.208991 -0.126488 -0.067648
A2__0   -0.125383  0.062297  0.030461  0.107395  0.024162
...           ...       ...       ...       ...       ...
A260__1 -0.109211 -0.117913  0.065359  0.234163  0.094765
A261__0 -0.081096 -0.022394 -0.107786  0.004418 -0.021597
A261__1  0.127116  0.035102  0.168262 -0.006810  0.031468
A262__0 -0.181265 -0.142628 -0.108653 -0.015715 -0.060749
A262__1  0.299085  0.235409  0.178457  0.026068  0.097784

[526 rows x 5 columns]
