1
500
          eigenvalue % of variance % of variance (cumulative)
component                                                    
0              0.048         4.84%                      4.84%
1              0.023         2.31%                      7.15%
2              0.021         2.11%                      9.25%
3              0.020         2.00%                     11.25%
4              0.014         1.43%                     12.68%
                0         1         2         3         4
A0__0    0.380426 -0.063426 -0.094650 -0.133270 -0.138786
A0__1   -0.348359  0.058079  0.086672  0.122037  0.127088
A1__0    0.186859 -0.064358 -0.101225 -0.153551 -0.025654
A1__1   -0.318166  0.109583  0.172357  0.261452  0.043681
A2__0   -0.062076  0.185759 -0.051214  0.011750  0.048679
...           ...       ...       ...       ...       ...
A260__1 -0.063468 -0.018281  0.162227  0.060511  0.270426
A261__0 -0.101334 -0.095712 -0.025780 -0.020642 -0.024879
A261__1  0.205738  0.194325  0.052341  0.041909  0.050513
A262__0 -0.225190 -0.029227  0.056388 -0.084733 -0.018492
A262__1  0.546008  0.070865 -0.136721  0.205448  0.044837

[526 rows x 5 columns]
