1
100
          eigenvalue % of variance % of variance (cumulative)
component                                                    
0              0.054         5.46%                      5.46%
1              0.034         3.37%                      8.83%
2              0.030         3.04%                     11.87%
3              0.028         2.85%                     14.71%
4              0.026         2.64%                     17.36%
                0         1         2         3         4
A0__0    0.439248  0.070992  0.033127  0.097712 -0.195401
A0__1   -0.475852 -0.076908 -0.035887 -0.105855  0.211684
A1__0    0.138287  0.009599 -0.005569 -0.001511 -0.317196
A1__1   -0.245843 -0.017066  0.009901  0.002686  0.563903
A2__0   -0.066904 -0.124424 -0.180382 -0.083114  0.001559
...           ...       ...       ...       ...       ...
A260__1  0.152173  0.194144 -0.188671 -0.128593  0.031213
A261__0 -0.149733 -0.098635  0.021518 -0.026439  0.006058
A261__1  0.244301  0.160931 -0.035108  0.043137 -0.009884
A262__0 -0.133369  0.052449  0.026413 -0.116036 -0.189122
A262__1  0.326525 -0.128410 -0.064665  0.284087  0.463023

[525 rows x 5 columns]
