1
100
          eigenvalue % of variance % of variance (cumulative)
component                                                    
0              0.055         5.56%                      5.56%
1              0.037         3.73%                      9.29%
2              0.031         3.07%                     12.36%
3              0.028         2.77%                     15.13%
4              0.025         2.54%                     17.67%
                0         1         2         3         4
A0__0    0.637587  0.089216 -0.269913 -0.086128  0.006378
A0__1   -0.300041 -0.041984  0.127018  0.040531 -0.003001
A1__0    0.225744  0.082749 -0.174562  0.146039  0.032656
A1__1   -0.200189 -0.073381  0.154801 -0.129506 -0.028959
A2__0   -0.066248 -0.168778  0.022619  0.084712 -0.136370
...           ...       ...       ...       ...       ...
A260__1 -0.189233 -0.222755 -0.078688  0.122307  0.040484
A261__0 -0.238838  0.105441  0.192808 -0.015210  0.093929
A261__1  0.303976 -0.134197 -0.245392  0.019359 -0.119546
A262__0 -0.244259  0.107949  0.000258  0.141546 -0.088127
A262__1  0.434239 -0.191909 -0.000459 -0.251638  0.156670

[525 rows x 5 columns]
