4
200
          eigenvalue % of variance % of variance (cumulative)
component                                                    
0             14.806         6.25%                      6.25%
1             13.853         5.85%                     12.09%
2             11.630         4.91%                     17.00%
3             11.110         4.69%                     21.69%
4              9.271         3.91%                     25.60%
component         0         1         2         3         4
variable                                                   
0         -0.013669  0.023702  0.100754 -0.039198  0.047649
1         -0.007403 -0.027488  0.032694 -0.054349  0.045726
2         -0.000176 -0.031803  0.035459 -0.067730  0.029565
3          0.039409 -0.017594  0.051102 -0.076402 -0.013845
4          0.049073 -0.001314  0.014259 -0.038911 -0.041834
...             ...       ...       ...       ...       ...
232       -0.008144  0.018538  0.003800  0.033366 -0.181750
233        0.005377  0.080638 -0.022471  0.043606 -0.195362
234       -0.051661  0.108944 -0.039861  0.109430 -0.067260
235       -0.051661  0.108944 -0.039861  0.109430 -0.067260
236       -0.044067  0.039695 -0.032481  0.080444 -0.029903

[237 rows x 5 columns]
