4
70
          eigenvalue % of variance % of variance (cumulative)
component                                                    
0             38.392        16.48%                     16.48%
1             30.750        13.20%                     29.67%
2             24.758        10.63%                     40.30%
3             21.613         9.28%                     49.58%
4             15.313         6.57%                     56.15%
component         0         1         2         3         4
variable                                                   
0         -0.465650  0.176487 -0.382866  0.166882  0.423554
1         -0.465650  0.176487 -0.382866  0.166882  0.423554
2         -0.465650  0.176487 -0.382866  0.166882  0.423554
3         -0.465650  0.176487 -0.382866  0.166882  0.423554
4         -0.436043  0.246316 -0.438300  0.181819  0.393301
...             ...       ...       ...       ...       ...
232       -0.613527 -0.192229  0.189077 -0.566869  0.081383
233       -0.470045 -0.349746  0.258638 -0.551452 -0.003599
234       -0.541020 -0.296924  0.218014 -0.601498 -0.013692
235       -0.452370 -0.344808  0.161840 -0.495737 -0.058273
236       -0.465050 -0.271076  0.175359 -0.513332 -0.081602

[237 rows x 5 columns]
