4
189
          eigenvalue % of variance % of variance (cumulative)
component                                                    
0             18.886         7.97%                      7.97%
1             16.340         6.89%                     14.86%
2             12.328         5.20%                     20.07%
3             11.655         4.92%                     24.98%
4              9.983         4.21%                     29.20%
component         0         1         2         3         4
variable                                                   
0          0.063277  0.068218 -0.049041  0.057102 -0.092787
1          0.056748  0.087791 -0.062051  0.101424 -0.154460
2         -0.014271  0.059164 -0.085586  0.173675 -0.187257
3         -0.021447  0.078978 -0.051795  0.108855 -0.168845
4         -0.016602  0.060360 -0.037721  0.012289 -0.087220
...             ...       ...       ...       ...       ...
232       -0.252205  0.071789  0.241191 -0.400028  0.147309
233       -0.267940  0.050925  0.246386 -0.429532  0.134652
234       -0.299728  0.037138  0.287242 -0.445857  0.058754
235       -0.282130 -0.007339  0.264834 -0.427754  0.032094
236       -0.245571  0.000559  0.253698 -0.390917  0.035579

[237 rows x 5 columns]
