4
129
          eigenvalue % of variance % of variance (cumulative)
component                                                    
0             25.000        10.55%                     10.55%
1             22.063         9.31%                     19.86%
2             17.850         7.53%                     27.39%
3             15.912         6.71%                     34.10%
4             13.766         5.81%                     39.91%
component         0         1         2         3         4
variable                                                   
0         -0.015052  0.142790 -0.087579 -0.167777  0.219651
1         -0.130351  0.231387 -0.073381 -0.230254  0.219564
2         -0.164845  0.149542 -0.052465 -0.249184 -0.173634
3         -0.072265  0.081647  0.007798 -0.170161 -0.229371
4          0.028377  0.018281  0.103423 -0.168960 -0.284121
...             ...       ...       ...       ...       ...
232       -0.075830  0.076370 -0.112915 -0.081382  0.111578
233        0.150339 -0.028499  0.005169 -0.056457  0.064777
234        0.156396 -0.035338 -0.065374 -0.077555  0.096335
235        0.179245 -0.069297 -0.029919 -0.070714  0.118426
236        0.178752 -0.079529 -0.013547 -0.063943  0.121002

[237 rows x 5 columns]
