4
400
          eigenvalue % of variance % of variance (cumulative)
component                                                    
0             15.017         6.34%                      6.34%
1             14.904         6.29%                     12.62%
component         0         1
variable                     
0          0.038078 -0.031303
1          0.036108 -0.038440
2          0.039535 -0.045744
3          0.072254 -0.050190
4          0.047613 -0.093862
...             ...       ...
232       -0.030973 -0.031959
233       -0.033598 -0.033292
234       -0.036741 -0.019994
235       -0.031745 -0.014125
236       -0.046327 -0.004295

[237 rows x 2 columns]
