4
200
          eigenvalue % of variance % of variance (cumulative)
component                                                    
0             18.317         7.73%                      7.73%
1             15.501         6.54%                     14.27%
2             13.320         5.62%                     19.89%
3             11.965         5.05%                     24.94%
4             10.627         4.48%                     29.42%
component         0         1         2         3         4
variable                                                   
0          0.003349  0.097153 -0.021388 -0.021772  0.105765
1         -0.009485  0.052596 -0.038680 -0.011586  0.090301
2         -0.004428  0.042152 -0.039316 -0.019319  0.092169
3          0.026855  0.037749 -0.026901 -0.063418  0.086718
4          0.084674 -0.014629 -0.052891 -0.087710  0.014736
...             ...       ...       ...       ...       ...
232       -0.009035  0.030652 -0.023310  0.037756 -0.092260
233       -0.007906  0.049602  0.030128  0.011142 -0.132888
234       -0.048894  0.094255  0.028580  0.029648 -0.163111
235       -0.048894  0.094255  0.028580  0.029648 -0.163111
236       -0.028465  0.062490  0.003155  0.037834 -0.100321

[237 rows x 5 columns]
