4
200
          eigenvalue % of variance % of variance (cumulative)
component                                                    
0             16.610         7.07%                      7.07%
1             12.256         5.22%                     12.28%
2             10.843         4.61%                     16.90%
3              9.932         4.23%                     21.12%
4              9.413         4.01%                     25.13%
component         0         1         2         3         4
variable                                                   
0         -0.060447  0.065580 -0.116269 -0.005675  0.058064
1         -0.028080  0.089833 -0.049233  0.009283  0.051727
2         -0.035051  0.034432 -0.094095  0.010330  0.012371
3         -0.010373 -0.012091 -0.058747  0.010874 -0.016408
4          0.018334 -0.068604 -0.028393 -0.051390 -0.025706
...             ...       ...       ...       ...       ...
232       -0.016332  0.037642 -0.045856 -0.050040 -0.028830
233       -0.058791  0.125680  0.116796 -0.086516  0.004708
234       -0.027705  0.105134  0.147632 -0.076281 -0.004664
235        0.019842  0.022119  0.090748 -0.020721 -0.011264
236        0.019842  0.022119  0.090748 -0.020721 -0.011264

[237 rows x 5 columns]
