4
200
          eigenvalue % of variance % of variance (cumulative)
component                                                    
0             20.800         8.78%                      8.78%
1             19.330         8.16%                     16.93%
2             16.555         6.99%                     23.92%
3             15.097         6.37%                     30.29%
4             12.635         5.33%                     35.62%
component         0         1         2         3         4
variable                                                   
0         -0.003936  0.033964 -0.067392 -0.049193  0.132508
1          0.009959  0.078154 -0.072843 -0.058976  0.122010
2          0.021937  0.070366 -0.079200 -0.052946  0.118929
3          0.037182  0.063974 -0.077763 -0.019100  0.112351
4          0.018127  0.086521 -0.088979 -0.016003  0.119725
...             ...       ...       ...       ...       ...
232       -0.155865 -0.003433 -0.102673 -0.037771 -0.333174
233       -0.129013  0.011270 -0.138381 -0.029227 -0.282170
234       -0.087259 -0.052898 -0.106486  0.020091 -0.221891
235        0.017672 -0.043987 -0.006546  0.036375 -0.233797
236        0.035699 -0.038666  0.002146  0.045754 -0.230051

[237 rows x 5 columns]
