4
400
          eigenvalue % of variance % of variance (cumulative)
component                                                    
0             15.029         6.34%                      6.34%
1             14.919         6.29%                     12.64%
2             12.461         5.26%                     17.89%
3             11.673         4.93%                     22.82%
4             10.279         4.34%                     27.16%
component         0         1         2         3         4
variable                                                   
0          0.042151 -0.031317  0.029324  0.083301 -0.056931
1          0.038416 -0.038440  0.023669  0.085866 -0.090603
2          0.041655 -0.044719  0.017282  0.082081 -0.098104
3          0.074845 -0.045815 -0.016612  0.025915 -0.108731
4          0.055902 -0.092476 -0.053166  0.011552 -0.053627
...             ...       ...       ...       ...       ...
232       -0.031910 -0.022110 -0.088212  0.033280  0.043475
233       -0.032559 -0.024342 -0.094768  0.000767  0.074286
234       -0.035256 -0.014031 -0.144248  0.000122  0.089537
235       -0.029988 -0.009307 -0.159515 -0.010974  0.088141
236       -0.045559 -0.001748 -0.153720 -0.004586  0.092504

[237 rows x 5 columns]
