4
339
          eigenvalue % of variance % of variance (cumulative)
component                                                    
0             15.902         6.71%                      6.71%
1             14.540         6.13%                     12.84%
2             11.345         4.79%                     17.63%
3             10.869         4.59%                     22.22%
4             10.047         4.24%                     26.46%
component         0         1         2         3         4
variable                                                   
0          0.052158 -0.023753 -0.027708  0.065821 -0.027335
1          0.052401 -0.000257 -0.027652  0.093097 -0.057177
2          0.016466  0.016244 -0.064602  0.145325 -0.106472
3          0.012484  0.054813 -0.048043  0.129301 -0.094194
4          0.022505  0.062313 -0.047629  0.086973 -0.040511
...             ...       ...       ...       ...       ...
232       -0.123183  0.144472  0.231415 -0.203696  0.092955
233       -0.124958  0.136810  0.226891 -0.231606  0.081318
234       -0.127230  0.126767  0.220957 -0.233210  0.067343
235       -0.125446  0.114015  0.198746 -0.259143  0.055788
236       -0.114253  0.088050  0.187684 -0.220668  0.061976

[237 rows x 5 columns]
