4
200
          eigenvalue % of variance % of variance (cumulative)
component                                                    
0             13.710         5.83%                      5.83%
1             11.564         4.92%                     10.76%
2              9.817         4.18%                     14.93%
3              9.503         4.04%                     18.98%
4              7.600         3.23%                     22.21%
component         0         1         2         3         4
variable                                                   
0         -0.093881 -0.097179 -0.009624  0.092786  0.000091
1         -0.065551 -0.030091  0.035979  0.078578  0.000959
2         -0.049707 -0.083541 -0.023677 -0.014314  0.036026
3         -0.009086 -0.058611 -0.053977 -0.062988  0.018734
4          0.034948 -0.026665 -0.102949 -0.104824 -0.040030
...             ...       ...       ...       ...       ...
232       -0.009301  0.004008  0.026948  0.032308 -0.185759
233       -0.049646  0.159341  0.027320  0.058308 -0.017502
234       -0.031492  0.183148  0.005358  0.035424 -0.078452
235        0.011275  0.092415 -0.024964 -0.015691 -0.101560
236        0.011275  0.092415 -0.024964 -0.015691 -0.101560

[237 rows x 5 columns]
