4
200
          eigenvalue % of variance % of variance (cumulative)
component                                                    
0             16.949         7.21%                      7.21%
1             13.139         5.59%                     12.80%
2             11.303         4.81%                     17.61%
3              9.855         4.19%                     21.81%
4              9.252         3.94%                     25.74%
component         0         1         2         3         4
variable                                                   
0         -0.056193  0.008565  0.132944  0.031894  0.063263
1         -0.036517  0.067470  0.076380  0.027799  0.054268
2         -0.043195  0.027759  0.072560  0.059645  0.013368
3         -0.018732  0.008520  0.016663  0.052655 -0.015961
4          0.015046 -0.032832 -0.027432 -0.003332 -0.012872
...             ...       ...       ...       ...       ...
232       -0.016049  0.015245  0.061317 -0.028065 -0.016455
233       -0.070154  0.106989 -0.012167 -0.148024  0.016719
234       -0.041732  0.110061 -0.054680 -0.146669 -0.000688
235        0.011486  0.047737 -0.064703 -0.058166 -0.017686
236        0.011486  0.047737 -0.064703 -0.058166 -0.017686

[237 rows x 5 columns]
