4
308
          eigenvalue % of variance % of variance (cumulative)
component                                                    
0             24.768        10.45%                     10.45%
1             18.906         7.98%                     18.43%
2             15.917         6.72%                     25.14%
3             15.737         6.64%                     31.78%
4             12.698         5.36%                     37.14%
component         0         1         2         3         4
variable                                                   
0          0.087292 -0.186015 -0.290978 -0.138414  0.193646
1          0.061941 -0.214263 -0.365927 -0.141135  0.243275
2          0.059587 -0.176635 -0.314597 -0.139859  0.149700
3          0.090705 -0.137991 -0.330232 -0.120386  0.119553
4          0.125994 -0.108912 -0.389071 -0.123799  0.118997
...             ...       ...       ...       ...       ...
232        0.140724 -0.268029 -0.090229 -0.412859 -0.071944
233        0.103855 -0.238847  0.058041 -0.373192 -0.190103
234        0.116082 -0.190928  0.011570 -0.334160 -0.130919
235        0.134177 -0.179396  0.052093 -0.335344 -0.146667
236        0.161869 -0.152739  0.042366 -0.341335 -0.157530

[237 rows x 5 columns]
