4
140
          eigenvalue % of variance % of variance (cumulative)
component                                                    
0             28.043        11.83%                     11.83%
1             25.837        10.90%                     22.73%
2             17.897         7.55%                     30.29%
3             16.292         6.87%                     37.16%
4             14.552         6.14%                     43.30%
component         0         1         2         3         4
variable                                                   
0         -0.269225 -0.236591 -0.028160  0.073613 -0.438087
1         -0.263760 -0.309928 -0.024259  0.062732 -0.418502
2         -0.249608 -0.239070  0.025244  0.005161 -0.370771
3         -0.276882 -0.176605  0.012046  0.059378 -0.366955
4         -0.357136 -0.108944  0.025399  0.103972 -0.384081
...             ...       ...       ...       ...       ...
232       -0.528780 -0.341944 -0.512287 -0.218454 -0.005225
233       -0.471778 -0.162252 -0.515717 -0.224448  0.171135
234       -0.412657 -0.108835 -0.447968 -0.235967  0.137698
235       -0.409883 -0.080594 -0.483705 -0.206550  0.130921
236       -0.394560 -0.065018 -0.483317 -0.186117  0.123354

[237 rows x 5 columns]
