4
200
          eigenvalue % of variance % of variance (cumulative)
component                                                    
0             16.327         6.89%                      6.89%
1             13.380         5.65%                     12.53%
2             11.267         4.75%                     17.29%
3              9.114         3.85%                     21.13%
4              8.674         3.66%                     24.79%
component         0         1         2         3         4
variable                                                   
0          0.063892  0.052343 -0.089860 -0.000733  0.178085
1          0.043732  0.083142 -0.109926 -0.035840  0.217613
2          0.043704  0.086682 -0.113690 -0.045123  0.219043
3          0.096785  0.074988 -0.099655 -0.017640  0.247767
4          0.082907  0.049081 -0.062792 -0.019528  0.229286
...             ...       ...       ...       ...       ...
232       -0.123386  0.037481  0.073365  0.196559 -0.147590
233       -0.140795  0.029690  0.082313  0.200832 -0.146222
234       -0.156868 -0.003378  0.096555  0.157165 -0.095170
235       -0.156868 -0.003378  0.096555  0.157165 -0.095170
236       -0.165649  0.023339  0.067047  0.116251 -0.090840

[237 rows x 5 columns]
