4
200
          eigenvalue % of variance % of variance (cumulative)
component                                                    
0             18.312         7.73%                      7.73%
1             15.476         6.53%                     14.26%
component         0         1
variable                     
0          0.008918  0.096400
1         -0.005737  0.060417
2         -0.000603  0.052380
3          0.029973  0.054933
4          0.086561  0.007524
...             ...       ...
232       -0.012734  0.040483
233       -0.011438  0.064640
234       -0.050551  0.109729
235       -0.050551  0.109729
236       -0.030347  0.073729

[237 rows x 2 columns]
